Analyzing abzio...                                              

  error - The getter 'grey800' isn't defined for the type 'AbzioTheme' - lib\screens\user\checkout_screen.dart:490:148 - undefined_getter
  error - Undefined name 'width' - lib\screens\user\home_screen.dart:632:31 - undefined_identifier

